<?xml version="1.0" encoding="utf-8"?><testsuites><testsuite name="pytest" errors="0" failures="0" skipped="0" tests="10" time="1.493" timestamp="2024-07-23T15:10:24.851243+00:00" hostname="4f955c240e18"><testcase classname="tests.test_signals" name="test_chat_is_created_for_user" time="0.701" /><testcase classname="tests.test_get_image" name="test_get_image_when_image_already_exists" time="0.530" /><testcase classname="tests.test_get_image" name="test_get_image_basic_case" time="0.531" /><testcase classname="tests.test_get_image" name="test_get_image_exists_cant_fetch_url" time="0.707" /><testcase classname="tests.test_views" name="test_post_empty_form" time="0.173" /><testcase classname="tests.test_views" name="test_post_valid_form" time="0.183" /><testcase classname="tests.test_views" name="test_requires_login" time="0.712" /><testcase classname="tests.test_get_image" name="test_get_image_doesnt_exist" time="0.714" /><testcase classname="tests.test_views" name="test_requires_superuser_negative_case" time="0.708" /><testcase classname="tests.test_views" name="test_requires_superuser_positive_case" time="0.712" /></testsuite></testsuites>